Archive member included to satisfy reference by file (symbol)

e:/stm32cubeide_1.7.0/stm32cubeide/plugins/com.st.stm32cube.ide.mcu.externaltools.gnu-tools-for-stm32.9-2020-q2-update.win32_2.0.0.202105311346/tools/bin/../lib/gcc/arm-none-eabi/9.3.1/../../../../arm-none-eabi/lib/thumb/v7-m/nofp\libc_nano.a(lib_a-errno.o)
                              ./Core/Src/syscalls.o (__errno)
e:/stm32cubeide_1.7.0/stm32cubeide/plugins/com.st.stm32cube.ide.mcu.externaltools.gnu-tools-for-stm32.9-2020-q2-update.win32_2.0.0.202105311346/tools/bin/../lib/gcc/arm-none-eabi/9.3.1/../../../../arm-none-eabi/lib/thumb/v7-m/nofp\libc_nano.a(lib_a-exit.o)
                              e:/stm32cubeide_1.7.0/stm32cubeide/plugins/com.st.stm32cube.ide.mcu.externaltools.gnu-tools-for-stm32.9-2020-q2-update.win32_2.0.0.202105311346/tools/bin/../lib/gcc/arm-none-eabi/9.3.1/../../../../arm-none-eabi/lib/thumb/v7-m/nofp/crt0.o (exit)
e:/stm32cubeide_1.7.0/stm32cubeide/plugins/com.st.stm32cube.ide.mcu.externaltools.gnu-tools-for-stm32.9-2020-q2-update.win32_2.0.0.202105311346/tools/bin/../lib/gcc/arm-none-eabi/9.3.1/../../../../arm-none-eabi/lib/thumb/v7-m/nofp\libc_nano.a(lib_a-impure.o)
                              e:/stm32cubeide_1.7.0/stm32cubeide/plugins/com.st.stm32cube.ide.mcu.externaltools.gnu-tools-for-stm32.9-2020-q2-update.win32_2.0.0.202105311346/tools/bin/../lib/gcc/arm-none-eabi/9.3.1/../../../../arm-none-eabi/lib/thumb/v7-m/nofp\libc_nano.a(lib_a-exit.o) (_global_impure_ptr)
e:/stm32cubeide_1.7.0/stm32cubeide/plugins/com.st.stm32cube.ide.mcu.externaltools.gnu-tools-for-stm32.9-2020-q2-update.win32_2.0.0.202105311346/tools/bin/../lib/gcc/arm-none-eabi/9.3.1/../../../../arm-none-eabi/lib/thumb/v7-m/nofp\libc_nano.a(lib_a-init.o)
                              e:/stm32cubeide_1.7.0/stm32cubeide/plugins/com.st.stm32cube.ide.mcu.externaltools.gnu-tools-for-stm32.9-2020-q2-update.win32_2.0.0.202105311346/tools/bin/../lib/gcc/arm-none-eabi/9.3.1/../../../../arm-none-eabi/lib/thumb/v7-m/nofp/crt0.o (__libc_init_array)
e:/stm32cubeide_1.7.0/stm32cubeide/plugins/com.st.stm32cube.ide.mcu.externaltools.gnu-tools-for-stm32.9-2020-q2-update.win32_2.0.0.202105311346/tools/bin/../lib/gcc/arm-none-eabi/9.3.1/../../../../arm-none-eabi/lib/thumb/v7-m/nofp\libc_nano.a(lib_a-memset.o)
                              e:/stm32cubeide_1.7.0/stm32cubeide/plugins/com.st.stm32cube.ide.mcu.externaltools.gnu-tools-for-stm32.9-2020-q2-update.win32_2.0.0.202105311346/tools/bin/../lib/gcc/arm-none-eabi/9.3.1/../../../../arm-none-eabi/lib/thumb/v7-m/nofp/crt0.o (memset)

Allocating common symbols
Common symbol       size              file

set2                0x4               ./Core/Src/led7_segment.o
timer_counter       0x28              ./Core/Src/software_timer.o
uwTick              0x4               ./Drivers/STM32F1xx_HAL_Driver/Src/stm32f1xx_hal.o
pFlash              0x20              ./Drivers/STM32F1xx_HAL_Driver/Src/stm32f1xx_hal_flash.o
set1                0x4               ./Core/Src/led7_segment.o
timer_flag          0x28              ./Core/Src/software_timer.o
htim2               0x48              ./Core/Src/main.o

Discarded input sections

 .text          0x0000000000000000        0x0 e:/stm32cubeide_1.7.0/stm32cubeide/plugins/com.st.stm32cube.ide.mcu.externaltools.gnu-tools-for-stm32.9-2020-q2-update.win32_2.0.0.202105311346/tools/bin/../lib/gcc/arm-none-eabi/9.3.1/thumb/v7-m/nofp/crti.o
 .data          0x0000000000000000        0x0 e:/stm32cubeide_1.7.0/stm32cubeide/plugins/com.st.stm32cube.ide.mcu.externaltools.gnu-tools-for-stm32.9-2020-q2-update.win32_2.0.0.202105311346/tools/bin/../lib/gcc/arm-none-eabi/9.3.1/thumb/v7-m/nofp/crti.o
 .bss           0x0000000000000000        0x0 e:/stm32cubeide_1.7.0/stm32cubeide/plugins/com.st.stm32cube.ide.mcu.externaltools.gnu-tools-for-stm32.9-2020-q2-update.win32_2.0.0.202105311346/tools/bin/../lib/gcc/arm-none-eabi/9.3.1/thumb/v7-m/nofp/crti.o
 .data          0x0000000000000000        0x4 e:/stm32cubeide_1.7.0/stm32cubeide/plugins/com.st.stm32cube.ide.mcu.externaltools.gnu-tools-for-stm32.9-2020-q2-update.win32_2.0.0.202105311346/tools/bin/../lib/gcc/arm-none-eabi/9.3.1/thumb/v7-m/nofp/crtbegin.o
 .text          0x0000000000000000       0x7c e:/stm32cubeide_1.7.0/stm32cubeide/plugins/com.st.stm32cube.ide.mcu.externaltools.gnu-tools-for-stm32.9-2020-q2-update.win32_2.0.0.202105311346/tools/bin/../lib/gcc/arm-none-eabi/9.3.1/../../../../arm-none-eabi/lib/thumb/v7-m/nofp/crt0.o
 .data          0x0000000000000000        0x0 e:/stm32cubeide_1.7.0/stm32cubeide/plugins/com.st.stm32cube.ide.mcu.externaltools.gnu-tools-for-stm32.9-2020-q2-update.win32_2.0.0.202105311346/tools/bin/../lib/gcc/arm-none-eabi/9.3.1/../../../../arm-none-eabi/lib/thumb/v7-m/nofp/crt0.o
[...]
Memory Configuration

Name             Origin             Length             Attributes
RAM              0x0000000020000000 0x0000000000002800 xrw
FLASH            0x0000000008000000 0x0000000000008000 xr
*default*        0x0000000000000000 0xffffffffffffffff

Linker script and memory map

LOAD e:/stm32cubeide_1.7.0/stm32cubeide/plugins/com.st.stm32cube.ide.mcu.externaltools.gnu-tools-for-stm32.9-2020-q2-update.win32_2.0.0.202105311346/tools/bin/../lib/gcc/arm-none-eabi/9.3.1/thumb/v7-m/nofp/crti.o
LOAD e:/stm32cubeide_1.7.0/stm32cubeide/plugins/com.st.stm32cube.ide.mcu.externaltools.gnu-tools-for-stm32.9-2020-q2-update.win32_2.0.0.202105311346/tools/bin/../lib/gcc/arm-none-eabi/9.3.1/thumb/v7-m/nofp/crtbegin.o
LOAD e:/stm32cubeide_1.7.0/stm32cubeide/plugins/com.st.stm32cube.ide.mcu.externaltools.gnu-tools-for-stm32.9-2020-q2-update.win32_2.0.0.202105311346/tools/bin/../lib/gcc/arm-none-eabi/9.3.1/../../../../arm-none-eabi/lib/thumb/v7-m/nofp/crt0.o
LOAD ./Core/Src/button.o
LOAD ./Core/Src/fsm_automatic.o
LOAD ./Core/Src/fsm_setting.o
LOAD ./Core/Src/global.o
LOAD ./Core/Src/led7_segment.o
LOAD ./Core/Src/light_traffic.o
LOAD ./Core/Src/main.o
LOAD ./Core/Src/software_timer.o
LOAD ./Core/Src/stm32f1xx_hal_msp.o
LOAD ./Core/Src/stm32f1xx_it.o
LOAD ./Core/Src/syscalls.o
LOAD ./Core/Src/sysmem.o
LOAD ./Core/Src/system_stm32f1xx.o
LOAD ./Core/Startup/startup_stm32f103c6ux.o
LOAD ./Drivers/STM32F1xx_HAL_Driver/Src/stm32f1xx_hal.o
LOAD ./Drivers/STM32F1xx_HAL_Driver/Src/stm32f1xx_hal_cortex.o
LOAD ./Drivers/STM32F1xx_HAL_Driver/Src/stm32f1xx_hal_dma.o
LOAD ./Drivers/STM32F1xx_HAL_Driver/Src/stm32f1xx_hal_exti.o
LOAD ./Drivers/STM32F1xx_HAL_Driver/Src/stm32f1xx_hal_flash.o
LOAD ./Drivers/STM32F1xx_HAL_Driver/Src/stm32f1xx_hal_flash_ex.o
LOAD ./Drivers/STM32F1xx_HAL_Driver/Src/stm32f1xx_hal_gpio.o
LOAD ./Drivers/STM32F1xx_HAL_Driver/Src/stm32f1xx_hal_gpio_ex.o
LOAD ./Drivers/STM32F1xx_HAL_Driver/Src/stm32f1xx_hal_pwr.o
LOAD ./Drivers/STM32F1xx_HAL_Driver/Src/stm32f1xx_hal_rcc.o
LOAD ./Drivers/STM32F1xx_HAL_Driver/Src/stm32f1xx_hal_rcc_ex.o
LOAD ./Drivers/STM32F1xx_HAL_Driver/Src/stm32f1xx_hal_tim.o
LOAD ./Drivers/STM32F1xx_HAL_Driver/Src/stm32f1xx_hal_tim_ex.o
START GROUP
LOAD e:/stm32cubeide_1.7.0/stm32cubeide/plugins/com.st.stm32cube.ide.mcu.externaltools.gnu-tools-for-stm32.9-2020-q2-update.win32_2.0.0.202105311346/tools/bin/../lib/gcc/arm-none-eabi/9.3.1/../../../../arm-none-eabi/lib/thumb/v7-m/nofp\libc_nano.a
LOAD e:/stm32cubeide_1.7.0/stm32cubeide/plugins/com.st.stm32cube.ide.mcu.externaltools.gnu-tools-for-stm32.9-2020-q2-update.win32_2.0.0.202105311346/tools/bin/../lib/gcc/arm-none-eabi/9.3.1/../../../../arm-none-eabi/lib/thumb/v7-m/nofp\libm.a
END GROUP
START GROUP
LOAD e:/stm32cubeide_1.7.0/stm32cubeide/plugins/com.st.stm32cube.ide.mcu.externaltools.gnu-tools-for-stm32.9-2020-q2-update.win32_2.0.0.202105311346/tools/bin/../lib/gcc/arm-none-eabi/9.3.1/thumb/v7-m/nofp\libgcc.a
LOAD e:/stm32cubeide_1.7.0/stm32cubeide/plugins/com.st.stm32cube.ide.mcu.externaltools.gnu-tools-for-stm32.9-2020-q2-update.win32_2.0.0.202105311346/tools/bin/../lib/gcc/arm-none-eabi/9.3.1/../../../../arm-none-eabi/lib/thumb/v7-m/nofp\libc_nano.a
END GROUP
START GROUP
LOAD e:/stm32cubeide_1.7.0/stm32cubeide/plugins/com.st.stm32cube.ide.mcu.externaltools.gnu-tools-for-stm32.9-2020-q2-update.win32_2.0.0.202105311346/tools/bin/../lib/gcc/arm-none-eabi/9.3.1/thumb/v7-m/nofp\libgcc.a
LOAD e:/stm32cubeide_1.7.0/stm32cubeide/plugins/com.st.stm32cube.ide.mcu.externaltools.gnu-tools-for-stm32.9-2020-q2-update.win32_2.0.0.202105311346/tools/bin/../lib/gcc/arm-none-eabi/9.3.1/../../../../arm-none-eabi/lib/thumb/v7-m/nofp\libc_nano.a
LOAD e:/stm32cubeide_1.7.0/stm32cubeide/plugins/com.st.stm32cube.ide.mcu.externaltools.gnu-tools-for-stm32.9-2020-q2-update.win32_2.0.0.202105311346/tools/bin/../lib/gcc/arm-none-eabi/9.3.1/../../../../arm-none-eabi/lib/thumb/v7-m/nofp\libnosys.a
END GROUP
START GROUP
LOAD e:/stm32cubeide_1.7.0/stm32cubeide/plugins/com.st.stm32cube.ide.mcu.externaltools.gnu-tools-for-stm32.9-2020-q2-update.win32_2.0.0.202105311346/tools/bin/../lib/gcc/arm-none-eabi/9.3.1/thumb/v7-m/nofp\libgcc.a
LOAD e:/stm32cubeide_1.7.0/stm32cubeide/plugins/com.st.stm32cube.ide.mcu.externaltools.gnu-tools-for-stm32.9-2020-q2-update.win32_2.0.0.202105311346/tools/bin/../lib/gcc/arm-none-eabi/9.3.1/../../../../arm-none-eabi/lib/thumb/v7-m/nofp\libc_nano.a
LOAD e:/stm32cubeide_1.7.0/stm32cubeide/plugins/com.st.stm32cube.ide.mcu.externaltools.gnu-tools-for-stm32.9-2020-q2-update.win32_2.0.0.202105311346/tools/bin/../lib/gcc/arm-none-eabi/9.3.1/../../../../arm-none-eabi/lib/thumb/v7-m/nofp\libnosys.a
END GROUP
LOAD e:/stm32cubeide_1.7.0/stm32cubeide/plugins/com.st.stm32cube.ide.mcu.externaltools.gnu-tools-for-stm32.9-2020-q2-update.win32_2.0.0.202105311346/tools/bin/../lib/gcc/arm-none-eabi/9.3.1/thumb/v7-m/nofp/crtend.o
LOAD e:/stm32cubeide_1.7.0/stm32cubeide/plugins/com.st.stm32cube.ide.mcu.externaltools.gnu-tools-for-stm32.9-2020-q2-update.win32_2.0.0.202105311346/tools/bin/../lib/gcc/arm-none-eabi/9.3.1/thumb/v7-m/nofp/crtn.o
                0x0000000020002800                _estack = (ORIGIN (RAM) + LENGTH (RAM))
                0x0000000000000200                _Min_Heap_Size = 0x200
                0x0000000000000400                _Min_Stack_Size = 0x400

.isr_vector     0x0000000008000000      0x10c
                0x0000000008000000                . = ALIGN (0x4)
 *(.isr_vector)
 .isr_vector    0x0000000008000000      0x10c ./Core/Startup/startup_stm32f103c6ux.o
                0x0000000008000000                g_pfnVectors
                0x000000000800010c                . = ALIGN (0x4)

.text           0x000000000800010c     0x32a4
                0x000000000800010c                . = ALIGN (0x4)
 *(.text)
 .text          0x000000000800010c       0x40 e:/stm32cubeide_1.7.0/stm32cubeide/plugins/com.st.stm32cube.ide.mcu.externaltools.gnu-tools-for-stm32.9-2020-q2-update.win32_2.0.0.202105311346/tools/bin/../lib/gcc/arm-none-eabi/9.3.1/thumb/v7-m/nofp/crtbegin.o
 *(.text*)
 .text.clearAllButtons
                0x000000000800014c       0x6c ./Core/Src/button.o
                0x000000000800014c                clearAllButtons
 .text.isButtonPressed
                0x00000000080001b8       0x34 ./Core/Src/button.o
                0x00000000080001b8                isButtonPressed
 .text.subKeyProcess
                0x00000000080001ec       0x20 ./Core/Src/button.o
                0x00000000080001ec                subKeyProcess
 .text.getKeyInput
                0x000000000800020c      0x114 ./Core/Src/button.o
                0x000000000800020c                getKeyInput
 .text.fsm_automatic_run1
                0x0000000008000320      0x46c ./Core/Src/fsm_automatic.o
                0x0000000008000320                fsm_automatic_run1
 .text.fsm_automatic_run2
                0x000000000800078c      0x45c ./Core/Src/fsm_automatic.o
                0x000000000800078c                fsm_automatic_run2
 .text.fsm_setting_time
                0x0000000008000be8      0x258 ./Core/Src/fsm_setting.o
                0x0000000008000be8                fsm_setting_time
 .text.systemInit
                0x0000000008000e40       0x78 ./Core/Src/global.o
                0x0000000008000e40                systemInit
 .text.display7SEG
                0x0000000008000eb8      0x390 ./Core/Src/led7_segment.o
                0x0000000008000eb8                display7SEG
 .text.display7SEG_1
                0x0000000008001248      0x37c ./Core/Src/led7_segment.o
                0x0000000008001248                display7SEG_1
 .text.clear7SEG
                0x00000000080015c4       0xb4 ./Core/Src/led7_segment.o
                0x00000000080015c4                clear7SEG
 .text.update7Segment
                0x0000000008001678      0x100 ./Core/Src/led7_segment.o
                0x0000000008001678                update7Segment
 .text.setRedLed1
                0x0000000008001778       0x2c ./Core/Src/light_traffic.o
                0x0000000008001778                setRedLed1
 .text.setYellowLed1
                0x00000000080017a4       0x2c ./Core/Src/light_traffic.o
                0x00000000080017a4                setYellowLed1
 .text.setGreenLed1
                0x00000000080017d0       0x2c ./Core/Src/light_traffic.o
                0x00000000080017d0                setGreenLed1
 .text.setRedLed2
                0x00000000080017fc       0x2c ./Core/Src/light_traffic.o
                0x00000000080017fc                setRedLed2
 .text.setYellowLed2
                0x0000000008001828       0x2c ./Core/Src/light_traffic.o
                0x0000000008001828                setYellowLed2
 .text.setGreenLed2
                0x0000000008001854       0x2c ./Core/Src/light_traffic.o
                0x0000000008001854                setGreenLed2
 .text.toggleRed
                0x0000000008001880       0x1c ./Core/Src/light_traffic.o
                0x0000000008001880                toggleRed
 .text.toggleYellow
                0x000000000800189c       0x1c ./Core/Src/light_traffic.o
                0x000000000800189c                toggleYellow
 .text.toggleGreen
                0x00000000080018b8       0x1c ./Core/Src/light_traffic.o
                0x00000000080018b8                toggleGreen
 .text.clearAllLed
                0x00000000080018d4       0x48 ./Core/Src/light_traffic.o
                0x00000000080018d4                clearAllLed
 .text.main     0x000000000800191c       0x34 ./Core/Src/main.o
                0x000000000800191c                main
 .text.SystemClock_Config
                0x0000000008001950       0x76 ./Core/Src/main.o
                0x0000000008001950                SystemClock_Config
 *fill*         0x00000000080019c6        0x2 
 .text.MX_TIM2_Init
                0x00000000080019c8       0x98 ./Core/Src/main.o
 .text.MX_GPIO_Init
                0x0000000008001a60       0xe4 ./Core/Src/main.o
 .text.HAL_TIM_PeriodElapsedCallback
                0x0000000008001b44       0x18 ./Core/Src/main.o
                0x0000000008001b44                HAL_TIM_PeriodElapsedCallback
 .text.Error_Handler
                0x0000000008001b5c        0xa ./Core/Src/main.o
                0x0000000008001b5c                Error_Handler
 *fill*         0x0000000008001b66        0x2 
 .text.setTimer
                0x0000000008001b68       0x3c ./Core/Src/software_timer.o
                0x0000000008001b68                setTimer
 .text.timerRun
                0x0000000008001ba4       0x60 ./Core/Src/software_timer.o
                0x0000000008001ba4                timerRun
 .text.HAL_MspInit
                0x0000000008001c04       0x64 ./Core/Src/stm32f1xx_hal_msp.o
                0x0000000008001c04                HAL_MspInit
 .text.HAL_TIM_Base_MspInit
                0x0000000008001c68       0x48 ./Core/Src/stm32f1xx_hal_msp.o
                0x0000000008001c68                HAL_TIM_Base_MspInit
 .text.NMI_Handler
                0x0000000008001cb0        0x6 ./Core/Src/stm32f1xx_it.o
                0x0000000008001cb0                NMI_Handler
 .text.HardFault_Handler
                0x0000000008001cb6        0x6 ./Core/Src/stm32f1xx_it.o
                0x0000000008001cb6                HardFault_Handler
 .text.MemManage_Handler
                0x0000000008001cbc        0x6 ./Core/Src/stm32f1xx_it.o
                0x0000000008001cbc                MemManage_Handler
 .text.BusFault_Handler
                0x0000000008001cc2        0x6 ./Core/Src/stm32f1xx_it.o
                0x0000000008001cc2                BusFault_Handler
 .text.UsageFault_Handler
                0x0000000008001cc8        0x6 ./Core/Src/stm32f1xx_it.o
                0x0000000008001cc8                UsageFault_Handler
 .text.SVC_Handler
                0x0000000008001cce        0xc ./Core/Src/stm32f1xx_it.o
                0x0000000008001cce                SVC_Handler
 .text.DebugMon_Handler
                0x0000000008001cda        0xc ./Core/Src/stm32f1xx_it.o
                0x0000000008001cda                DebugMon_Handler
 .text.PendSV_Handler
                0x0000000008001ce6        0xc ./Core/Src/stm32f1xx_it.o
                0x0000000008001ce6                PendSV_Handler
 .text.SysTick_Handler
                0x0000000008001cf2        0xc ./Core/Src/stm32f1xx_it.o
                0x0000000008001cf2                SysTick_Handler
 *fill*         0x0000000008001cfe        0x2 
 .text.TIM2_IRQHandler
                0x0000000008001d00       0x14 ./Core/Src/stm32f1xx_it.o
                0x0000000008001d00                TIM2_IRQHandler
 .text.SystemInit
                0x0000000008001d14        0xc ./Core/Src/system_stm32f1xx.o
                0x0000000008001d14                SystemInit
 .text.Reset_Handler
                0x0000000008001d20       0x48 ./Core/Startup/startup_stm32f103c6ux.o
                0x0000000008001d20                Reset_Handler
 .text.Default_Handler
                0x0000000008001d68        0x2 ./Core/Startup/startup_stm32f103c6ux.o
                0x0000000008001d68                RTC_Alarm_IRQHandler
                0x0000000008001d68                EXTI2_IRQHandler
                0x0000000008001d68                TIM1_CC_IRQHandler
                0x0000000008001d68                PVD_IRQHandler
                0x0000000008001d68                EXTI3_IRQHandler
                0x0000000008001d68                EXTI0_IRQHandler
                0x0000000008001d68                ADC1_2_IRQHandler
                0x0000000008001d68                SPI1_IRQHandler
                0x0000000008001d68                TAMPER_IRQHandler
                0x0000000008001d68                DMA1_Channel4_IRQHandler
                0x0000000008001d68                RTC_IRQHandler
                0x0000000008001d68                DMA1_Channel7_IRQHandler
                0x0000000008001d68                CAN1_RX1_IRQHandler
                0x0000000008001d68                I2C1_EV_IRQHandler
                0x0000000008001d68                DMA1_Channel6_IRQHandler
                0x0000000008001d68                TIM3_IRQHandler
                0x0000000008001d68                RCC_IRQHandler
                0x0000000008001d68                TIM1_TRG_COM_IRQHandler
                0x0000000008001d68                DMA1_Channel1_IRQHandler
                0x0000000008001d68                Default_Handler
                0x0000000008001d68                EXTI15_10_IRQHandler
                0x0000000008001d68                EXTI9_5_IRQHandler
                0x0000000008001d68                DMA1_Channel5_IRQHandler
                0x0000000008001d68                EXTI4_IRQHandler
                0x0000000008001d68                USB_LP_CAN1_RX0_IRQHandler
                0x0000000008001d68                USB_HP_CAN1_TX_IRQHandler
                0x0000000008001d68                DMA1_Channel3_IRQHandler
                0x0000000008001d68                TIM1_UP_IRQHandler
                0x0000000008001d68                WWDG_IRQHandler
                0x0000000008001d68                TIM1_BRK_IRQHandler
                0x0000000008001d68                EXTI1_IRQHandler
                0x0000000008001d68                USART2_IRQHandler
                0x0000000008001d68                DMA1_Channel2_IRQHandler
                0x0000000008001d68                CAN1_SCE_IRQHandler
                0x0000000008001d68                FLASH_IRQHandler
                0x0000000008001d68                USART1_IRQHandler
                0x0000000008001d68                I2C1_ER_IRQHandler
                0x0000000008001d68                USBWakeUp_IRQHandler
 *fill*         0x0000000008001d6a        0x2 
 .text.HAL_Init
                0x0000000008001d6c       0x2c ./Drivers/STM32F1xx_HAL_Driver/Src/stm32f1xx_hal.o
                0x0000000008001d6c                HAL_Init
 .text.HAL_InitTick
                0x0000000008001d98       0x60 ./Drivers/STM32F1xx_HAL_Driver/Src/stm32f1xx_hal.o
                0x0000000008001d98                HAL_InitTick
 .text.HAL_IncTick
                0x0000000008001df8       0x24 ./Drivers/STM32F1xx_HAL_Driver/Src/stm32f1xx_hal.o
                0x0000000008001df8                HAL_IncTick
 .text.HAL_GetTick
                0x0000000008001e1c       0x14 ./Drivers/STM32F1xx_HAL_Driver/Src/stm32f1xx_hal.o
                0x0000000008001e1c                HAL_GetTick
 .text.__NVIC_SetPriorityGrouping
                0x0000000008001e30       0x48 ./Drivers/STM32F1xx_HAL_Driver/Src/stm32f1xx_hal_cortex.o
 .text.__NVIC_GetPriorityGrouping
                0x0000000008001e78       0x1c ./Drivers/STM32F1xx_HAL_Driver/Src/stm32f1xx_hal_cortex.o
 .text.__NVIC_EnableIRQ
                0x0000000008001e94       0x38 ./Drivers/STM32F1xx_HAL_Driver/Src/stm32f1xx_hal_cortex.o
 .text.__NVIC_SetPriority
                0x0000000008001ecc       0x54 ./Drivers/STM32F1xx_HAL_Driver/Src/stm32f1xx_hal_cortex.o
 .text.NVIC_EncodePriority
                0x0000000008001f20       0x64 ./Drivers/STM32F1xx_HAL_Driver/Src/stm32f1xx_hal_cortex.o
 .text.SysTick_Config
                0x0000000008001f84       0x44 ./Drivers/STM32F1xx_HAL_Driver/Src/stm32f1xx_hal_cortex.o
 .text.HAL_NVIC_SetPriorityGrouping
                0x0000000008001fc8       0x16 ./Drivers/STM32F1xx_HAL_Driver/Src/stm32f1xx_hal_cortex.o
                0x0000000008001fc8                HAL_NVIC_SetPriorityGrouping
 .text.HAL_NVIC_SetPriority
                0x0000000008001fde       0x38 ./Drivers/STM32F1xx_HAL_Driver/Src/stm32f1xx_hal_cortex.o
                0x0000000008001fde                HAL_NVIC_SetPriority
 .text.HAL_NVIC_EnableIRQ
                0x0000000008002016       0x1c ./Drivers/STM32F1xx_HAL_Driver/Src/stm32f1xx_hal_cortex.o
                0x0000000008002016                HAL_NVIC_EnableIRQ
 .text.HAL_SYSTICK_Config
                0x0000000008002032       0x18 ./Drivers/STM32F1xx_HAL_Driver/Src/stm32f1xx_hal_cortex.o
                0x0000000008002032                HAL_SYSTICK_Config
 *fill*         0x000000000800204a        0x2 
 .text.HAL_GPIO_Init
                0x000000000800204c      0x2f4 ./Drivers/STM32F1xx_HAL_Driver/Src/stm32f1xx_hal_gpio.o
                0x000000000800204c                HAL_GPIO_Init
 .text.HAL_GPIO_ReadPin
                0x0000000008002340       0x2e ./Drivers/STM32F1xx_HAL_Driver/Src/stm32f1xx_hal_gpio.o
                0x0000000008002340                HAL_GPIO_ReadPin
 .text.HAL_GPIO_WritePin
                0x000000000800236e       0x30 ./Drivers/STM32F1xx_HAL_Driver/Src/stm32f1xx_hal_gpio.o
                0x000000000800236e                HAL_GPIO_WritePin
 .text.HAL_GPIO_TogglePin
                0x000000000800239e       0x32 ./Drivers/STM32F1xx_HAL_Driver/Src/stm32f1xx_hal_gpio.o
                0x000000000800239e                HAL_GPIO_TogglePin
 .text.HAL_RCC_OscConfig
                0x00000000080023d0      0x500 ./Drivers/STM32F1xx_HAL_Driver/Src/stm32f1xx_hal_rcc.o
                0x00000000080023d0                HAL_RCC_OscConfig
 .text.HAL_RCC_ClockConfig
                0x00000000080028d0      0x1d4 ./Drivers/STM32F1xx_HAL_Driver/Src/stm32f1xx_hal_rcc.o
                0x00000000080028d0                HAL_RCC_ClockConfig
 .text.HAL_RCC_GetSysClockFreq
                0x0000000008002aa4       0xa8 ./Drivers/STM32F1xx_HAL_Driver/Src/stm32f1xx_hal_rcc.o
                0x0000000008002aa4                HAL_RCC_GetSysClockFreq
 .text.RCC_Delay
                0x0000000008002b4c       0x3c ./Drivers/STM32F1xx_HAL_Driver/Src/stm32f1xx_hal_rcc.o
 .text.HAL_TIM_Base_Init
                0x0000000008002b88       0x9e ./Drivers/STM32F1xx_HAL_Driver/Src/stm32f1xx_hal_tim.o
                0x0000000008002b88                HAL_TIM_Base_Init
 *fill*         0x0000000008002c26        0x2 
 .text.HAL_TIM_Base_Start_IT
                0x0000000008002c28       0x98 ./Drivers/STM32F1xx_HAL_Driver/Src/stm32f1xx_hal_tim.o
                0x0000000008002c28                HAL_TIM_Base_Start_IT
 .text.HAL_TIM_IRQHandler
                0x0000000008002cc0      0x1e0 ./Drivers/STM32F1xx_HAL_Driver/Src/stm32f1xx_hal_tim.o
                0x0000000008002cc0                HAL_TIM_IRQHandler
 .text.HAL_TIM_ConfigClockSource
                0x0000000008002ea0      0x18e ./Drivers/STM32F1xx_HAL_Driver/Src/stm32f1xx_hal_tim.o
                0x0000000008002ea0                HAL_TIM_ConfigClockSource
 .text.HAL_TIM_OC_DelayElapsedCallback
                0x000000000800302e       0x12 ./Drivers/STM32F1xx_HAL_Driver/Src/stm32f1xx_hal_tim.o
                0x000000000800302e                HAL_TIM_OC_DelayElapsedCallback
 .text.HAL_TIM_IC_CaptureCallback
                0x0000000008003040       0x12 ./Drivers/STM32F1xx_HAL_Driver/Src/stm32f1xx_hal_tim.o
                0x0000000008003040                HAL_TIM_IC_CaptureCallback
 .text.HAL_TIM_PWM_PulseFinishedCallback
                0x0000000008003052       0x12 ./Drivers/STM32F1xx_HAL_Driver/Src/stm32f1xx_hal_tim.o
                0x0000000008003052                HAL_TIM_PWM_PulseFinishedCallback
 .text.HAL_TIM_TriggerCallback
                0x0000000008003064       0x12 ./Drivers/STM32F1xx_HAL_Driver/Src/stm32f1xx_hal_tim.o
                0x0000000008003064                HAL_TIM_TriggerCallback
 *fill*         0x0000000008003076        0x2 
 .text.TIM_Base_SetConfig
                0x0000000008003078       0xc8 ./Drivers/STM32F1xx_HAL_Driver/Src/stm32f1xx_hal_tim.o
                0x0000000008003078                TIM_Base_SetConfig
 .text.TIM_TI1_ConfigInputStage
                0x0000000008003140       0x5c ./Drivers/STM32F1xx_HAL_Driver/Src/stm32f1xx_hal_tim.o
 .text.TIM_TI2_ConfigInputStage
                0x000000000800319c       0x5e ./Drivers/STM32F1xx_HAL_Driver/Src/stm32f1xx_hal_tim.o
 .text.TIM_ITRx_SetConfig
                0x00000000080031fa       0x34 ./Drivers/STM32F1xx_HAL_Driver/Src/stm32f1xx_hal_tim.o
 .text.TIM_ETR_SetConfig
                0x000000000800322e       0x3e ./Drivers/STM32F1xx_HAL_Driver/Src/stm32f1xx_hal_tim.o
                0x000000000800322e                TIM_ETR_SetConfig
 .text.HAL_TIMEx_MasterConfigSynchronization
                0x000000000800326c       0xb0 ./Drivers/STM32F1xx_HAL_Driver/Src/stm32f1xx_hal_tim_ex.o
                0x000000000800326c                HAL_TIMEx_MasterConfigSynchronization
 .text.HAL_TIMEx_CommutCallback
                0x000000000800331c       0x12 ./Drivers/STM32F1xx_HAL_Driver/Src/stm32f1xx_hal_tim_ex.o
                0x000000000800331c                HAL_TIMEx_CommutCallback
 .text.HAL_TIMEx_BreakCallback
                0x000000000800332e       0x12 ./Drivers/STM32F1xx_HAL_Driver/Src/stm32f1xx_hal_tim_ex.o
                0x000000000800332e                HAL_TIMEx_BreakCallback
 .text.__libc_init_array
                0x0000000008003340       0x48 e:/stm32cubeide_1.7.0/stm32cubeide/plugins/com.st.stm32cube.ide.mcu.externaltools.gnu-tools-for-stm32.9-2020-q2-update.win32_2.0.0.202105311346/tools/bin/../lib/gcc/arm-none-eabi/9.3.1/../../../../arm-none-eabi/lib/thumb/v7-m/nofp\libc_nano.a(lib_a-init.o)
                0x0000000008003340                __libc_init_array
 .text.memset   0x0000000008003388       0x10 e:/stm32cubeide_1.7.0/stm32cubeide/plugins/com.st.stm32cube.ide.mcu.externaltools.gnu-tools-for-stm32.9-2020-q2-update.win32_2.0.0.202105311346/tools/bin/../lib/gcc/arm-none-eabi/9.3.1/../../../../arm-none-eabi/lib/thumb/v7-m/nofp\libc_nano.a(lib_a-memset.o)
                0x0000000008003388                memset
 *(.glue_7)
 .glue_7        0x0000000008003398        0x0 linker stubs
 *(.glue_7t)
 .glue_7t       0x0000000008003398        0x0 linker stubs
 *(.eh_frame)
 .eh_frame      0x0000000008003398        0x0 e:/stm32cubeide_1.7.0/stm32cubeide/plugins/com.st.stm32cube.ide.mcu.externaltools.gnu-tools-for-stm32.9-2020-q2-update.win32_2.0.0.202105311346/tools/bin/../lib/gcc/arm-none-eabi/9.3.1/thumb/v7-m/nofp/crtbegin.o
 *(.init)
 .init          0x0000000008003398        0x4 e:/stm32cubeide_1.7.0/stm32cubeide/plugins/com.st.stm32cube.ide.mcu.externaltools.gnu-tools-for-stm32.9-2020-q2-update.win32_2.0.0.202105311346/tools/bin/../lib/gcc/arm-none-eabi/9.3.1/thumb/v7-m/nofp/crti.o
                0x0000000008003398                _init
 .init          0x000000000800339c        0x8 e:/stm32cubeide_1.7.0/stm32cubeide/plugins/com.st.stm32cube.ide.mcu.externaltools.gnu-tools-for-stm32.9-2020-q2-update.win32_2.0.0.202105311346/tools/bin/../lib/gcc/arm-none-eabi/9.3.1/thumb/v7-m/nofp/crtn.o
 *(.fini)
 .fini          0x00000000080033a4        0x4 e:/stm32cubeide_1.7.0/stm32cubeide/plugins/com.st.stm32cube.ide.mcu.externaltools.gnu-tools-for-stm32.9-2020-q2-update.win32_2.0.0.202105311346/tools/bin/../lib/gcc/arm-none-eabi/9.3.1/thumb/v7-m/nofp/crti.o
                0x00000000080033a4                _fini
 .fini          0x00000000080033a8        0x8 e:/stm32cubeide_1.7.0/stm32cubeide/plugins/com.st.stm32cube.ide.mcu.externaltools.gnu-tools-for-stm32.9-2020-q2-update.win32_2.0.0.202105311346/tools/bin/../lib/gcc/arm-none-eabi/9.3.1/thumb/v7-m/nofp/crtn.o
                0x00000000080033b0                . = ALIGN (0x4)
                0x00000000080033b0                _etext = .

.vfp11_veneer   0x00000000080033b0        0x0
 .vfp11_veneer  0x00000000080033b0        0x0 linker stubs

.v4_bx          0x00000000080033b0        0x0
 .v4_bx         0x00000000080033b0        0x0 linker stubs

.iplt           0x00000000080033b0        0x0
 .iplt          0x00000000080033b0        0x0 e:/stm32cubeide_1.7.0/stm32cubeide/plugins/com.st.stm32cube.ide.mcu.externaltools.gnu-tools-for-stm32.9-2020-q2-update.win32_2.0.0.202105311346/tools/bin/../lib/gcc/arm-none-eabi/9.3.1/thumb/v7-m/nofp/crtbegin.o

.rodata         0x00000000080033b0       0x24
                0x00000000080033b0                . = ALIGN (0x4)
 *(.rodata)
 *(.rodata*)
 .rodata.AHBPrescTable
                0x00000000080033b0       0x10 ./Core/Src/system_stm32f1xx.o
                0x00000000080033b0                AHBPrescTable
 .rodata.aPLLMULFactorTable.6032
                0x00000000080033c0       0x10 ./Drivers/STM32F1xx_HAL_Driver/Src/stm32f1xx_hal_rcc.o
 .rodata.aPredivFactorTable.6033
                0x00000000080033d0        0x2 ./Drivers/STM32F1xx_HAL_Driver/Src/stm32f1xx_hal_rcc.o
                0x00000000080033d4                . = ALIGN (0x4)
 *fill*         0x00000000080033d2        0x2 

.rel.dyn        0x00000000080033d4        0x0
 .rel.iplt      0x00000000080033d4        0x0 e:/stm32cubeide_1.7.0/stm32cubeide/plugins/com.st.stm32cube.ide.mcu.externaltools.gnu-tools-for-stm32.9-2020-q2-update.win32_2.0.0.202105311346/tools/bin/../lib/gcc/arm-none-eabi/9.3.1/thumb/v7-m/nofp/crtbegin.o

.ARM.extab      0x00000000080033d4        0x0
                0x00000000080033d4                . = ALIGN (0x4)
 *(.ARM.extab* .gnu.linkonce.armextab.*)
                0x00000000080033d4                . = ALIGN (0x4)

.ARM            0x00000000080033d4        0x0
                0x00000000080033d4                . = ALIGN (0x4)
                0x00000000080033d4                __exidx_start = .
 *(.ARM.exidx*)
                0x00000000080033d4                __exidx_end = .
                0x00000000080033d4                . = ALIGN (0x4)

.preinit_array  0x00000000080033d4        0x0
                0x00000000080033d4                . = ALIGN (0x4)
                0x00000000080033d4                PROVIDE (__preinit_array_start = .)
 *(.preinit_array*)
                0x00000000080033d4                PROVIDE (__preinit_array_end = .)
                0x00000000080033d4                . = ALIGN (0x4)

.init_array     0x00000000080033d4        0x4
                0x00000000080033d4                . = ALIGN (0x4)
                0x00000000080033d4                PROVIDE (__init_array_start = .)
 *(SORT_BY_NAME(.init_array.*))
 *(.init_array*)
 .init_array    0x00000000080033d4        0x4 e:/stm32cubeide_1.7.0/stm32cubeide/plugins/com.st.stm32cube.ide.mcu.externaltools.gnu-tools-for-stm32.9-2020-q2-update.win32_2.0.0.202105311346/tools/bin/../lib/gcc/arm-none-eabi/9.3.1/thumb/v7-m/nofp/crtbegin.o
                0x00000000080033d8                PROVIDE (__init_array_end = .)
                0x00000000080033d8                . = ALIGN (0x4)

.fini_array     0x00000000080033d8        0x4
                0x00000000080033d8                . = ALIGN (0x4)
                [!provide]                        PROVIDE (__fini_array_start = .)
 *(SORT_BY_NAME(.fini_array.*))
 *(.fini_array*)
 .fini_array    0x00000000080033d8        0x4 e:/stm32cubeide_1.7.0/stm32cubeide/plugins/com.st.stm32cube.ide.mcu.externaltools.gnu-tools-for-stm32.9-2020-q2-update.win32_2.0.0.202105311346/tools/bin/../lib/gcc/arm-none-eabi/9.3.1/thumb/v7-m/nofp/crtbegin.o
                [!provide]                        PROVIDE (__fini_array_end = .)
                0x00000000080033dc                . = ALIGN (0x4)
                0x00000000080033dc                _sidata = LOADADDR (.data)

.data           0x0000000020000000       0x88 load address 0x00000000080033dc
                0x0000000020000000                . = ALIGN (0x4)
                0x0000000020000000                _sdata = .
 *(.data)
 *(.data*)
 .data.KeyReg0  0x0000000020000000        0xc ./Core/Src/button.o
                0x0000000020000000                KeyReg0
 .data.KeyReg1  0x000000002000000c        0xc ./Core/Src/button.o
                0x000000002000000c                KeyReg1
 .data.KeyReg2  0x0000000020000018        0xc ./Core/Src/button.o
                0x0000000020000018                KeyReg2
 .data.KeyReg3  0x0000000020000024        0xc ./Core/Src/button.o
                0x0000000020000024                KeyReg3
 .data.TimeOutForKeyPress
                0x0000000020000030        0xc ./Core/Src/button.o
                0x0000000020000030                TimeOutForKeyPress
 .data.BUTTON_GPIO_Port
                0x000000002000003c        0xc ./Core/Src/button.o
                0x000000002000003c                BUTTON_GPIO_Port
 .data.BUTTON_Pin
                0x0000000020000048        0x6 ./Core/Src/button.o
                0x0000000020000048                BUTTON_Pin
 *fill*         0x000000002000004e        0x2 
 .data.status1  0x0000000020000050        0x4 ./Core/Src/global.o
                0x0000000020000050                status1
 .data.lastState1
                0x0000000020000054        0x4 ./Core/Src/global.o
                0x0000000020000054                lastState1
 .data.status2  0x0000000020000058        0x4 ./Core/Src/global.o
                0x0000000020000058                status2
 .data.lastState2
                0x000000002000005c        0x4 ./Core/Src/global.o
                0x000000002000005c                lastState2
 .data.status3  0x0000000020000060        0x4 ./Core/Src/global.o
                0x0000000020000060                status3
 .data.red_duration
                0x0000000020000064        0x4 ./Core/Src/global.o
                0x0000000020000064                red_duration
 .data.yellow_duration
                0x0000000020000068        0x4 ./Core/Src/global.o
                0x0000000020000068                yellow_duration
 .data.green_duration
                0x000000002000006c        0x4 ./Core/Src/global.o
                0x000000002000006c                green_duration
 .data.time_input
                0x0000000020000070        0x4 ./Core/Src/global.o
                0x0000000020000070                time_input
 .data.mode     0x0000000020000074        0x4 ./Core/Src/global.o
                0x0000000020000074                mode
 .data.TIMER_CYCLE
                0x0000000020000078        0x4 ./Core/Src/software_timer.o
                0x0000000020000078                TIMER_CYCLE
 .data.SystemCoreClock
                0x000000002000007c        0x4 ./Core/Src/system_stm32f1xx.o
                0x000000002000007c                SystemCoreClock
 .data.uwTickPrio
                0x0000000020000080        0x4 ./Drivers/STM32F1xx_HAL_Driver/Src/stm32f1xx_hal.o
                0x0000000020000080                uwTickPrio
 .data.uwTickFreq
                0x0000000020000084        0x1 ./Drivers/STM32F1xx_HAL_Driver/Src/stm32f1xx_hal.o
                0x0000000020000084                uwTickFreq
 *(.RamFunc)
 *(.RamFunc*)
                0x0000000020000088                . = ALIGN (0x4)
 *fill*         0x0000000020000085        0x3 
                0x0000000020000088                _edata = .

.igot.plt       0x0000000020000088        0x0 load address 0x0000000008003464
 .igot.plt      0x0000000020000088        0x0 e:/stm32cubeide_1.7.0/stm32cubeide/plugins/com.st.stm32cube.ide.mcu.externaltools.gnu-tools-for-stm32.9-2020-q2-update.win32_2.0.0.202105311346/tools/bin/../lib/gcc/arm-none-eabi/9.3.1/thumb/v7-m/nofp/crtbegin.o
                0x0000000020000088                . = ALIGN (0x4)

.bss            0x0000000020000088       0xe0 load address 0x0000000008003464
                0x0000000020000088                _sbss = .
                0x0000000020000088                __bss_start__ = _sbss
 *(.bss)
 .bss           0x0000000020000088       0x1c e:/stm32cubeide_1.7.0/stm32cubeide/plugins/com.st.stm32cube.ide.mcu.externaltools.gnu-tools-for-stm32.9-2020-q2-update.win32_2.0.0.202105311346/tools/bin/../lib/gcc/arm-none-eabi/9.3.1/thumb/v7-m/nofp/crtbegin.o
 *(.bss*)
 .bss.button_flag
                0x00000000200000a4        0xc ./Core/Src/button.o
                0x00000000200000a4                button_flag
 .bss.timeCountdown1
                0x00000000200000b0        0x4 ./Core/Src/global.o
                0x00000000200000b0                timeCountdown1
 .bss.timeCountdown2
                0x00000000200000b4        0x4 ./Core/Src/global.o
                0x00000000200000b4                timeCountdown2
 .bss.returnFlag1
                0x00000000200000b8        0x4 ./Core/Src/global.o
                0x00000000200000b8                returnFlag1
 .bss.returnFlag2
                0x00000000200000bc        0x4 ./Core/Src/global.o
                0x00000000200000bc                returnFlag2
 .bss.led_index
                0x00000000200000c0        0x4 ./Core/Src/led7_segment.o
                0x00000000200000c0                led_index
 *(COMMON)
 COMMON         0x00000000200000c4        0x8 ./Core/Src/led7_segment.o
                0x00000000200000c4                set2
                0x00000000200000c8                set1
 COMMON         0x00000000200000cc       0x48 ./Core/Src/main.o
                0x00000000200000cc                htim2
 COMMON         0x0000000020000114       0x50 ./Core/Src/software_timer.o
                0x0000000020000114                timer_counter
                0x000000002000013c                timer_flag
 COMMON         0x0000000020000164        0x4 ./Drivers/STM32F1xx_HAL_Driver/Src/stm32f1xx_hal.o
                0x0000000020000164                uwTick
                0x0000000020000168                . = ALIGN (0x4)
                0x0000000020000168                _ebss = .
                0x0000000020000168                __bss_end__ = _ebss

._user_heap_stack
                0x0000000020000168      0x600 load address 0x0000000008003464
                0x0000000020000168                . = ALIGN (0x8)
                [!provide]                        PROVIDE (end = .)
                0x0000000020000168                PROVIDE (_end = .)
                0x0000000020000368                . = (. + _Min_Heap_Size)
 *fill*         0x0000000020000168      0x200 
                0x0000000020000768                . = (. + _Min_Stack_Size)
 *fill*         0x0000000020000368      0x400 
                0x0000000020000768                . = ALIGN (0x8)

/DISCARD/
 libc.a(*)
 libm.a(*)
 libgcc.a(*)

.ARM.attributes
                0x0000000000000000       0x29
 *(.ARM.attributes)
 .ARM.attributes
                0x0000000000000000       0x1d e:/stm32cubeide_1.7.0/stm32cubeide/plugins/com.st.stm32cube.ide.mcu.externaltools.gnu-tools-for-stm32.9-2020-q2-update.win32_2.0.0.202105311346/tools/bin/../lib/gcc/arm-none-eabi/9.3.1/thumb/v7-m/nofp/crti.o
 .ARM.attributes
                0x000000000000001d       0x2d e:/stm32cubeide_1.7.0/stm32cubeide/plugins/com.st.stm32cube.ide.mcu.externaltools.gnu-tools-for-stm32.9-2020-q2-update.win32_2.0.0.202105311346/tools/bin/../lib/gcc/arm-none-eabi/9.3.1/thumb/v7-m/nofp/crtbegin.o
 .ARM.attributes
                0x000000000000004a       0x2d ./Core/Src/button.o
 .ARM.attributes
                0x0000000000000077       0x2d ./Core/Src/fsm_automatic.o
 .ARM.attributes
                0x00000000000000a4       0x2d ./Core/Src/fsm_setting.o
 .ARM.attributes
                0x00000000000000d1       0x2d ./Core/Src/global.o
 .ARM.attributes
                0x00000000000000fe       0x2d ./Core/Src/led7_segment.o
 .ARM.attributes
                0x000000000000012b       0x2d ./Core/Src/light_traffic.o
 .ARM.attributes
                0x0000000000000158       0x2d ./Core/Src/main.o
 .ARM.attributes
                0x0000000000000185       0x2d ./Core/Src/software_timer.o
 .ARM.attributes
                0x00000000000001b2       0x2d ./Core/Src/stm32f1xx_hal_msp.o
 .ARM.attributes
                0x00000000000001df       0x2d ./Core/Src/stm32f1xx_it.o
 .ARM.attributes
                0x000000000000020c       0x2d ./Core/Src/system_stm32f1xx.o
 .ARM.attributes
                0x0000000000000239       0x21 ./Core/Startup/startup_stm32f103c6ux.o
 .ARM.attributes
                0x000000000000025a       0x2d ./Drivers/STM32F1xx_HAL_Driver/Src/stm32f1xx_hal.o
 .ARM.attributes
                0x0000000000000287       0x2d ./Drivers/STM32F1xx_HAL_Driver/Src/stm32f1xx_hal_cortex.o
 .ARM.attributes
                0x00000000000002b4       0x2d ./Drivers/STM32F1xx_HAL_Driver/Src/stm32f1xx_hal_gpio.o
 .ARM.attributes
                0x00000000000002e1       0x2d ./Drivers/STM32F1xx_HAL_Driver/Src/stm32f1xx_hal_rcc.o
 .ARM.attributes
                0x000000000000030e       0x2d ./Drivers/STM32F1xx_HAL_Driver/Src/stm32f1xx_hal_tim.o
 .ARM.attributes
                0x000000000000033b       0x2d ./Drivers/STM32F1xx_HAL_Driver/Src/stm32f1xx_hal_tim_ex.o
 .ARM.attributes
                0x0000000000000368       0x2d e:/stm32cubeide_1.7.0/stm32cubeide/plugins/com.st.stm32cube.ide.mcu.externaltools.gnu-tools-for-stm32.9-2020-q2-update.win32_2.0.0.202105311346/tools/bin/../lib/gcc/arm-none-eabi/9.3.1/../../../../arm-none-eabi/lib/thumb/v7-m/nofp\libc_nano.a(lib_a-init.o)
 .ARM.attributes
                0x0000000000000395       0x2d e:/stm32cubeide_1.7.0/stm32cubeide/plugins/com.st.stm32cube.ide.mcu.externaltools.gnu-tools-for-stm32.9-2020-q2-update.win32_2.0.0.202105311346/tools/bin/../lib/gcc/arm-none-eabi/9.3.1/../../../../arm-none-eabi/lib/thumb/v7-m/nofp\libc_nano.a(lib_a-memset.o)
 .ARM.attributes
                0x00000000000003c2       0x1d e:/stm32cubeide_1.7.0/stm32cubeide/plugins/com.st.stm32cube.ide.mcu.externaltools.gnu-tools-for-stm32.9-2020-q2-update.win32_2.0.0.202105311346/tools/bin/../lib/gcc/arm-none-eabi/9.3.1/thumb/v7-m/nofp/crtn.o
OUTPUT(LAB3_BUTTONS_SWITCHES.elf elf32-littlearm)
LOAD linker stubs
LOAD e:/stm32cubeide_1.7.0/stm32cubeide/plugins/com.st.stm32cube.ide.mcu.externaltools.gnu-tools-for-stm32.9-2020-q2-update.win32_2.0.0.202105311346/tools/bin/../lib/gcc/arm-none-eabi/9.3.1/../../../../arm-none-eabi/lib/thumb/v7-m/nofp\libc.a
LOAD e:/stm32cubeide_1.7.0/stm32cubeide/plugins/com.st.stm32cube.ide.mcu.externaltools.gnu-tools-for-stm32.9-2020-q2-update.win32_2.0.0.202105311346/tools/bin/../lib/gcc/arm-none-eabi/9.3.1/../../../../arm-none-eabi/lib/thumb/v7-m/nofp\libm.a
LOAD e:/stm32cubeide_1.7.0/stm32cubeide/plugins/com.st.stm32cube.ide.mcu.externaltools.gnu-tools-for-stm32.9-2020-q2-update.win32_2.0.0.202105311346/tools/bin/../lib/gcc/arm-none-eabi/9.3.1/thumb/v7-m/nofp\libgcc.a

.debug_info     0x0000000000000000     0x9b5d
 .debug_info    0x0000000000000000      0x3ba ./Core/Src/button.o
 .debug_info    0x00000000000003ba      0x2a9 ./Core/Src/fsm_automatic.o
 .debug_info    0x0000000000000663      0x297 ./Core/Src/fsm_setting.o
 .debug_info    0x00000000000008fa      0x408 ./Core/Src/global.o
 .debug_info    0x0000000000000d02      0x3e7 ./Core/Src/led7_segment.o
 .debug_info    0x00000000000010e9      0x3e6 ./Core/Src/light_traffic.o
 .debug_info    0x00000000000014cf      0xcb8 ./Core/Src/main.o
 .debug_info    0x0000000000002187       0xe5 ./Core/Src/software_timer.o
 .debug_info    0x000000000000226c      0xa09 ./Core/Src/stm32f1xx_hal_msp.o
 .debug_info    0x0000000000002c75      0x7b9 ./Core/Src/stm32f1xx_it.o
 .debug_info    0x000000000000342e      0x2be ./Core/Src/system_stm32f1xx.o
 .debug_info    0x00000000000036ec       0x22 ./Core/Startup/startup_stm32f103c6ux.o
 .debug_info    0x000000000000370e      0x74c ./Drivers/STM32F1xx_HAL_Driver/Src/stm32f1xx_hal.o
 .debug_info    0x0000000000003e5a      0xbbe ./Drivers/STM32F1xx_HAL_Driver/Src/stm32f1xx_hal_cortex.o
 .debug_info    0x0000000000004a18      0x701 ./Drivers/STM32F1xx_HAL_Driver/Src/stm32f1xx_hal_gpio.o
 .debug_info    0x0000000000005119      0x893 ./Drivers/STM32F1xx_HAL_Driver/Src/stm32f1xx_hal_rcc.o
 .debug_info    0x00000000000059ac     0x2c32 ./Drivers/STM32F1xx_HAL_Driver/Src/stm32f1xx_hal_tim.o
 .debug_info    0x00000000000085de     0x157f ./Drivers/STM32F1xx_HAL_Driver/Src/stm32f1xx_hal_tim_ex.o

.debug_abbrev   0x0000000000000000     0x1c98
 .debug_abbrev  0x0000000000000000      0x1a5 ./Core/Src/button.o
 .debug_abbrev  0x00000000000001a5       0xc4 ./Core/Src/fsm_automatic.o
 .debug_abbrev  0x0000000000000269       0xc4 ./Core/Src/fsm_setting.o
 .debug_abbrev  0x000000000000032d      0x11c ./Core/Src/global.o
 .debug_abbrev  0x0000000000000449      0x176 ./Core/Src/led7_segment.o
 .debug_abbrev  0x00000000000005bf      0x10d ./Core/Src/light_traffic.o
 .debug_abbrev  0x00000000000006cc      0x24d ./Core/Src/main.o
 .debug_abbrev  0x0000000000000919       0xd3 ./Core/Src/software_timer.o
 .debug_abbrev  0x00000000000009ec      0x1b7 ./Core/Src/stm32f1xx_hal_msp.o
 .debug_abbrev  0x0000000000000ba3      0x176 ./Core/Src/stm32f1xx_it.o
 .debug_abbrev  0x0000000000000d19      0x14e ./Core/Src/system_stm32f1xx.o
 .debug_abbrev  0x0000000000000e67       0x12 ./Core/Startup/startup_stm32f103c6ux.o
 .debug_abbrev  0x0000000000000e79      0x1ed ./Drivers/STM32F1xx_HAL_Driver/Src/stm32f1xx_hal.o
 .debug_abbrev  0x0000000000001066      0x313 ./Drivers/STM32F1xx_HAL_Driver/Src/stm32f1xx_hal_cortex.o
 .debug_abbrev  0x0000000000001379      0x1e8 ./Drivers/STM32F1xx_HAL_Driver/Src/stm32f1xx_hal_gpio.o
 .debug_abbrev  0x0000000000001561      0x273 ./Drivers/STM32F1xx_HAL_Driver/Src/stm32f1xx_hal_rcc.o
 .debug_abbrev  0x00000000000017d4      0x25e ./Drivers/STM32F1xx_HAL_Driver/Src/stm32f1xx_hal_tim.o
 .debug_abbrev  0x0000000000001a32      0x266 ./Drivers/STM32F1xx_HAL_Driver/Src/stm32f1xx_hal_tim_ex.o

.debug_aranges  0x0000000000000000      0xa98
 .debug_aranges
                0x0000000000000000       0x38 ./Core/Src/button.o
 .debug_aranges
                0x0000000000000038       0x28 ./Core/Src/fsm_automatic.o
 .debug_aranges
                0x0000000000000060       0x20 ./Core/Src/fsm_setting.o
 .debug_aranges
                0x0000000000000080       0x20 ./Core/Src/global.o
 .debug_aranges
                0x00000000000000a0       0x38 ./Core/Src/led7_segment.o
 .debug_aranges
                0x00000000000000d8       0x68 ./Core/Src/light_traffic.o
 .debug_aranges
                0x0000000000000140       0x48 ./Core/Src/main.o
 .debug_aranges
                0x0000000000000188       0x28 ./Core/Src/software_timer.o
 .debug_aranges
                0x00000000000001b0       0x30 ./Core/Src/stm32f1xx_hal_msp.o
 .debug_aranges
                0x00000000000001e0       0x68 ./Core/Src/stm32f1xx_it.o
 .debug_aranges
                0x0000000000000248       0x28 ./Core/Src/system_stm32f1xx.o
 .debug_aranges
                0x0000000000000270       0x28 ./Core/Startup/startup_stm32f103c6ux.o
 .debug_aranges
                0x0000000000000298       0xe0 ./Drivers/STM32F1xx_HAL_Driver/Src/stm32f1xx_hal.o
 .debug_aranges
                0x0000000000000378      0x100 ./Drivers/STM32F1xx_HAL_Driver/Src/stm32f1xx_hal_cortex.o
 .debug_aranges
                0x0000000000000478       0x58 ./Drivers/STM32F1xx_HAL_Driver/Src/stm32f1xx_hal_gpio.o
 .debug_aranges
                0x00000000000004d0       0x90 ./Drivers/STM32F1xx_HAL_Driver/Src/stm32f1xx_hal_rcc.o
 .debug_aranges
                0x0000000000000560      0x3d0 ./Drivers/STM32F1xx_HAL_Driver/Src/stm32f1xx_hal_tim.o
 .debug_aranges
                0x0000000000000930      0x168 ./Drivers/STM32F1xx_HAL_Driver/Src/stm32f1xx_hal_tim_ex.o

.debug_ranges   0x0000000000000000      0x980
 .debug_ranges  0x0000000000000000       0x28 ./Core/Src/button.o
 .debug_ranges  0x0000000000000028       0x18 ./Core/Src/fsm_automatic.o
 .debug_ranges  0x0000000000000040       0x10 ./Core/Src/fsm_setting.o
 .debug_ranges  0x0000000000000050       0x10 ./Core/Src/global.o
 .debug_ranges  0x0000000000000060       0x28 ./Core/Src/led7_segment.o
 .debug_ranges  0x0000000000000088       0x58 ./Core/Src/light_traffic.o
 .debug_ranges  0x00000000000000e0       0x38 ./Core/Src/main.o
 .debug_ranges  0x0000000000000118       0x18 ./Core/Src/software_timer.o
 .debug_ranges  0x0000000000000130       0x20 ./Core/Src/stm32f1xx_hal_msp.o
 .debug_ranges  0x0000000000000150       0x58 ./Core/Src/stm32f1xx_it.o
 .debug_ranges  0x00000000000001a8       0x18 ./Core/Src/system_stm32f1xx.o
 .debug_ranges  0x00000000000001c0       0x20 ./Core/Startup/startup_stm32f103c6ux.o
 .debug_ranges  0x00000000000001e0       0xd0 ./Drivers/STM32F1xx_HAL_Driver/Src/stm32f1xx_hal.o
 .debug_ranges  0x00000000000002b0       0xf0 ./Drivers/STM32F1xx_HAL_Driver/Src/stm32f1xx_hal_cortex.o
 .debug_ranges  0x00000000000003a0       0x48 ./Drivers/STM32F1xx_HAL_Driver/Src/stm32f1xx_hal_gpio.o
 .debug_ranges  0x00000000000003e8       0x80 ./Drivers/STM32F1xx_HAL_Driver/Src/stm32f1xx_hal_rcc.o
 .debug_ranges  0x0000000000000468      0x3c0 ./Drivers/STM32F1xx_HAL_Driver/Src/stm32f1xx_hal_tim.o
 .debug_ranges  0x0000000000000828      0x158 ./Drivers/STM32F1xx_HAL_Driver/Src/stm32f1xx_hal_tim_ex.o

.debug_macro    0x0000000000000000    0x16fd9
 .debug_macro   0x0000000000000000      0x1b5 ./Core/Src/button.o
 .debug_macro   0x00000000000001b5      0xa9c ./Core/Src/button.o
 .debug_macro   0x0000000000000c51      0x215 ./Core/Src/button.o
 .debug_macro   0x0000000000000e66       0x2e ./Core/Src/button.o
 .debug_macro   0x0000000000000e94       0x22 ./Core/Src/button.o
 .debug_macro   0x0000000000000eb6       0x22 ./Core/Src/button.o
 .debug_macro   0x0000000000000ed8       0x8e ./Core/Src/button.o
 .debug_macro   0x0000000000000f66       0x51 ./Core/Src/button.o
 .debug_macro   0x0000000000000fb7      0x103 ./Core/Src/button.o
 .debug_macro   0x00000000000010ba       0x6a ./Core/Src/button.o
 .debug_macro   0x0000000000001124      0x1df ./Core/Src/button.o
 .debug_macro   0x0000000000001303       0x1c ./Core/Src/button.o
 .debug_macro   0x000000000000131f       0x22 ./Core/Src/button.o
 .debug_macro   0x0000000000001341       0xc3 ./Core/Src/button.o
 .debug_macro   0x0000000000001404      0xd23 ./Core/Src/button.o
 .debug_macro   0x0000000000002127     0xde75 ./Core/Src/button.o
 .debug_macro   0x000000000000ff9c       0x6d ./Core/Src/button.o
 .debug_macro   0x0000000000010009     0x34a2 ./Core/Src/button.o
 .debug_macro   0x00000000000134ab      0x174 ./Core/Src/button.o
 .debug_macro   0x000000000001361f       0x5c ./Core/Src/button.o
 .debug_macro   0x000000000001367b      0x5bc ./Core/Src/button.o
 .debug_macro   0x0000000000013c37      0x1b7 ./Core/Src/button.o
 .debug_macro   0x0000000000013dee      0x1cb ./Core/Src/button.o
 .debug_macro   0x0000000000013fb9      0x114 ./Core/Src/button.o
 .debug_macro   0x00000000000140cd      0x1b2 ./Core/Src/button.o
 .debug_macro   0x000000000001427f       0x27 ./Core/Src/button.o
 .debug_macro   0x00000000000142a6      0x12f ./Core/Src/button.o
 .debug_macro   0x00000000000143d5      0x1bc ./Core/Src/button.o
 .debug_macro   0x0000000000014591       0x34 ./Core/Src/button.o
 .debug_macro   0x00000000000145c5       0x3c ./Core/Src/button.o
 .debug_macro   0x0000000000014601       0x57 ./Core/Src/button.o
 .debug_macro   0x0000000000014658       0x87 ./Core/Src/button.o
 .debug_macro   0x00000000000146df      0x183 ./Core/Src/button.o
 .debug_macro   0x0000000000014862      0x140 ./Core/Src/button.o
 .debug_macro   0x00000000000149a2      0x8ed ./Core/Src/button.o
 .debug_macro   0x000000000001528f       0x69 ./Core/Src/button.o
 .debug_macro   0x00000000000152f8      0x148 ./Core/Src/button.o
 .debug_macro   0x0000000000015440       0x28 ./Core/Src/button.o
 .debug_macro   0x0000000000015468      0x1f7 ./Core/Src/fsm_automatic.o
 .debug_macro   0x000000000001565f       0x10 ./Core/Src/fsm_automatic.o
 .debug_macro   0x000000000001566f       0x2e ./Core/Src/fsm_automatic.o
 .debug_macro   0x000000000001569d       0x3a ./Core/Src/fsm_automatic.o
 .debug_macro   0x00000000000156d7      0x1f7 ./Core/Src/fsm_setting.o
 .debug_macro   0x00000000000158ce      0x1f3 ./Core/Src/global.o
 .debug_macro   0x0000000000015ac1      0x1f7 ./Core/Src/led7_segment.o
 .debug_macro   0x0000000000015cb8      0x1f7 ./Core/Src/light_traffic.o
 .debug_macro   0x0000000000015eaf      0x1f7 ./Core/Src/main.o
 .debug_macro   0x00000000000160a6       0x1a ./Core/Src/software_timer.o
 .debug_macro   0x00000000000160c0      0x1a6 ./Core/Src/stm32f1xx_hal_msp.o
 .debug_macro   0x0000000000016266      0x1b0 ./Core/Src/stm32f1xx_it.o
 .debug_macro   0x0000000000016416      0x197 ./Core/Src/system_stm32f1xx.o
 .debug_macro   0x00000000000165ad      0x1bb ./Drivers/STM32F1xx_HAL_Driver/Src/stm32f1xx_hal.o
 .debug_macro   0x0000000000016768      0x197 ./Drivers/STM32F1xx_HAL_Driver/Src/stm32f1xx_hal_cortex.o
 .debug_macro   0x00000000000168ff      0x202 ./Drivers/STM32F1xx_HAL_Driver/Src/stm32f1xx_hal_gpio.o
 .debug_macro   0x0000000000016b01      0x1a9 ./Drivers/STM32F1xx_HAL_Driver/Src/stm32f1xx_hal_rcc.o
 .debug_macro   0x0000000000016caa      0x198 ./Drivers/STM32F1xx_HAL_Driver/Src/stm32f1xx_hal_tim.o
 .debug_macro   0x0000000000016e42      0x197 ./Drivers/STM32F1xx_HAL_Driver/Src/stm32f1xx_hal_tim_ex.o

.debug_line     0x0000000000000000     0xc308
 .debug_line    0x0000000000000000      0x73f ./Core/Src/button.o
 .debug_line    0x000000000000073f      0x9c7 ./Core/Src/fsm_automatic.o
 .debug_line    0x0000000000001106      0x7cc ./Core/Src/fsm_setting.o
 .debug_line    0x00000000000018d2      0x6cc ./Core/Src/global.o
 .debug_line    0x0000000000001f9e      0x7f4 ./Core/Src/led7_segment.o
 .debug_line    0x0000000000002792      0x7ab ./Core/Src/light_traffic.o
 .debug_line    0x0000000000002f3d      0x7f9 ./Core/Src/main.o
 .debug_line    0x0000000000003736       0xb7 ./Core/Src/software_timer.o
 .debug_line    0x00000000000037ed      0x695 ./Core/Src/stm32f1xx_hal_msp.o
 .debug_line    0x0000000000003e82      0x733 ./Core/Src/stm32f1xx_it.o
 .debug_line    0x00000000000045b5      0x6d7 ./Core/Src/system_stm32f1xx.o
 .debug_line    0x0000000000004c8c       0x86 ./Core/Startup/startup_stm32f103c6ux.o
 .debug_line    0x0000000000004d12      0x904 ./Drivers/STM32F1xx_HAL_Driver/Src/stm32f1xx_hal.o
 .debug_line    0x0000000000005616      0xaec ./Drivers/STM32F1xx_HAL_Driver/Src/stm32f1xx_hal_cortex.o
 .debug_line    0x0000000000006102      0x987 ./Drivers/STM32F1xx_HAL_Driver/Src/stm32f1xx_hal_gpio.o
 .debug_line    0x0000000000006a89      0xd10 ./Drivers/STM32F1xx_HAL_Driver/Src/stm32f1xx_hal_rcc.o
 .debug_line    0x0000000000007799     0x3355 ./Drivers/STM32F1xx_HAL_Driver/Src/stm32f1xx_hal_tim.o
 .debug_line    0x000000000000aaee     0x181a ./Drivers/STM32F1xx_HAL_Driver/Src/stm32f1xx_hal_tim_ex.o

.debug_str      0x0000000000000000    0x82642
 .debug_str     0x0000000000000000    0x7f996 ./Core/Src/button.o
                                      0x7fce9 (size before relaxing)
 .debug_str     0x000000000007f996      0x1f8 ./Core/Src/fsm_automatic.o
                                      0x7fdef (size before relaxing)
 .debug_str     0x000000000007fb8e       0x2b ./Core/Src/fsm_setting.o
                                      0x7fdd8 (size before relaxing)
 .debug_str     0x000000000007fbb9       0x20 ./Core/Src/global.o
                                      0x7fdfe (size before relaxing)
 .debug_str     0x000000000007fbd9       0x58 ./Core/Src/led7_segment.o
                                      0x7fe52 (size before relaxing)
 .debug_str     0x000000000007fc31       0x97 ./Core/Src/light_traffic.o
                                      0x7fe75 (size before relaxing)
 .debug_str     0x000000000007fcc8      0x6df ./Core/Src/main.o
                                      0x80583 (size before relaxing)
 .debug_str     0x00000000000803a7       0x49 ./Core/Src/software_timer.o
                                       0x2ddb (size before relaxing)
 .debug_str     0x00000000000803f0      0x2ba ./Core/Src/stm32f1xx_hal_msp.o
                                      0x80382 (size before relaxing)
 .debug_str     0x00000000000806aa       0xcd ./Core/Src/stm32f1xx_it.o
                                      0x800e4 (size before relaxing)
 .debug_str     0x0000000000080777       0x52 ./Core/Src/system_stm32f1xx.o
                                      0x7f767 (size before relaxing)
 .debug_str     0x00000000000807c9       0x36 ./Core/Startup/startup_stm32f103c6ux.o
                                         0x5b (size before relaxing)
 .debug_str     0x00000000000807ff      0x304 ./Drivers/STM32F1xx_HAL_Driver/Src/stm32f1xx_hal.o
                                      0x7fdbe (size before relaxing)
 .debug_str     0x0000000000080b03      0x300 ./Drivers/STM32F1xx_HAL_Driver/Src/stm32f1xx_hal_cortex.o
                                      0x7fdc6 (size before relaxing)
 .debug_str     0x0000000000080e03      0x324 ./Drivers/STM32F1xx_HAL_Driver/Src/stm32f1xx_hal_gpio.o
                                      0x7fb2b (size before relaxing)
 .debug_str     0x0000000000081127      0x24f ./Drivers/STM32F1xx_HAL_Driver/Src/stm32f1xx_hal_rcc.o
                                      0x7fb64 (size before relaxing)
 .debug_str     0x0000000000081376      0xdde ./Drivers/STM32F1xx_HAL_Driver/Src/stm32f1xx_hal_tim.o
                                      0x80b4d (size before relaxing)
 .debug_str     0x0000000000082154      0x4ee ./Drivers/STM32F1xx_HAL_Driver/Src/stm32f1xx_hal_tim_ex.o
                                      0x802ee (size before relaxing)

.comment        0x0000000000000000       0x53
 .comment       0x0000000000000000       0x53 ./Core/Src/button.o
                                         0x54 (size before relaxing)
 .comment       0x0000000000000053       0x54 ./Core/Src/fsm_automatic.o
 .comment       0x0000000000000053       0x54 ./Core/Src/fsm_setting.o
 .comment       0x0000000000000053       0x54 ./Core/Src/global.o
 .comment       0x0000000000000053       0x54 ./Core/Src/led7_segment.o
 .comment       0x0000000000000053       0x54 ./Core/Src/light_traffic.o
 .comment       0x0000000000000053       0x54 ./Core/Src/main.o
 .comment       0x0000000000000053       0x54 ./Core/Src/software_timer.o
 .comment       0x0000000000000053       0x54 ./Core/Src/stm32f1xx_hal_msp.o
 .comment       0x0000000000000053       0x54 ./Core/Src/stm32f1xx_it.o
 .comment       0x0000000000000053       0x54 ./Core/Src/system_stm32f1xx.o
 .comment       0x0000000000000053       0x54 ./Drivers/STM32F1xx_HAL_Driver/Src/stm32f1xx_hal.o
 .comment       0x0000000000000053       0x54 ./Drivers/STM32F1xx_HAL_Driver/Src/stm32f1xx_hal_cortex.o
 .comment       0x0000000000000053       0x54 ./Drivers/STM32F1xx_HAL_Driver/Src/stm32f1xx_hal_gpio.o
 .comment       0x0000000000000053       0x54 ./Drivers/STM32F1xx_HAL_Driver/Src/stm32f1xx_hal_rcc.o
 .comment       0x0000000000000053       0x54 ./Drivers/STM32F1xx_HAL_Driver/Src/stm32f1xx_hal_tim.o
 .comment       0x0000000000000053       0x54 ./Drivers/STM32F1xx_HAL_Driver/Src/stm32f1xx_hal_tim_ex.o

.debug_frame    0x0000000000000000     0x292c
 .debug_frame   0x0000000000000000       0xa8 ./Core/Src/button.o
 .debug_frame   0x00000000000000a8       0x48 ./Core/Src/fsm_automatic.o
 .debug_frame   0x00000000000000f0       0x2c ./Core/Src/fsm_setting.o
 .debug_frame   0x000000000000011c       0x2c ./Core/Src/global.o
 .debug_frame   0x0000000000000148       0x98 ./Core/Src/led7_segment.o
 .debug_frame   0x00000000000001e0      0x128 ./Core/Src/light_traffic.o
 .debug_frame   0x0000000000000308       0xd4 ./Core/Src/main.o
 .debug_frame   0x00000000000003dc       0x60 ./Core/Src/software_timer.o
 .debug_frame   0x000000000000043c       0x80 ./Core/Src/stm32f1xx_hal_msp.o
 .debug_frame   0x00000000000004bc      0x120 ./Core/Src/stm32f1xx_it.o
 .debug_frame   0x00000000000005dc       0x58 ./Core/Src/system_stm32f1xx.o
 .debug_frame   0x0000000000000634      0x334 ./Drivers/STM32F1xx_HAL_Driver/Src/stm32f1xx_hal.o
 .debug_frame   0x0000000000000968      0x428 ./Drivers/STM32F1xx_HAL_Driver/Src/stm32f1xx_hal_cortex.o
 .debug_frame   0x0000000000000d90      0x14c ./Drivers/STM32F1xx_HAL_Driver/Src/stm32f1xx_hal_gpio.o
 .debug_frame   0x0000000000000edc      0x218 ./Drivers/STM32F1xx_HAL_Driver/Src/stm32f1xx_hal_rcc.o
 .debug_frame   0x00000000000010f4     0x11b4 ./Drivers/STM32F1xx_HAL_Driver/Src/stm32f1xx_hal_tim.o
 .debug_frame   0x00000000000022a8      0x638 ./Drivers/STM32F1xx_HAL_Driver/Src/stm32f1xx_hal_tim_ex.o
 .debug_frame   0x00000000000028e0       0x2c e:/stm32cubeide_1.7.0/stm32cubeide/plugins/com.st.stm32cube.ide.mcu.externaltools.gnu-tools-for-stm32.9-2020-q2-update.win32_2.0.0.202105311346/tools/bin/../lib/gcc/arm-none-eabi/9.3.1/../../../../arm-none-eabi/lib/thumb/v7-m/nofp\libc_nano.a(lib_a-init.o)
 .debug_frame   0x000000000000290c       0x20 e:/stm32cubeide_1.7.0/stm32cubeide/plugins/com.st.stm32cube.ide.mcu.externaltools.gnu-tools-for-stm32.9-2020-q2-update.win32_2.0.0.202105311346/tools/bin/../lib/gcc/arm-none-eabi/9.3.1/../../../../arm-none-eabi/lib/thumb/v7-m/nofp\libc_nano.a(lib_a-memset.o)
